
Allocating common symbols
Common symbol       size              file

idt_ptr             0x6               kernel/global.o
inode_table         0xb00             kernel/global.o
task_stack          0x38000           kernel/global.o
k_reenter           0x4               kernel/global.o
gdt                 0x400             kernel/global.o
current_console     0x4               kernel/global.o
pcaller             0x4               kernel/global.o
tty_table           0xc6c             kernel/global.o
tss                 0x68              kernel/global.o
fs_msg              0x30              kernel/global.o
f_desc_table        0x300             kernel/global.o
root_inode          0x4               kernel/global.o
disp_pos            0x4               kernel/global.o
key_pressed         0x4               kernel/global.o
gdt_ptr             0x6               kernel/global.o
idt                 0x800             kernel/global.o
super_block         0x1e0             kernel/global.o
PARTITION_ENTRY     0x10              kernel/hd.o
ticks               0x4               kernel/global.o
console_table       0x3c              kernel/global.o
irq_table           0x40              kernel/global.o
p_proc_ready        0x4               kernel/global.o
proc_table          0xafe             kernel/global.o

Discarded input sections

 .note.GNU-stack
                0x0000000000000000        0x0 kernel/start.o
 .note.GNU-stack
                0x0000000000000000        0x0 kernel/main.o
 .note.GNU-stack
                0x0000000000000000        0x0 kernel/clock.o
 .note.GNU-stack
                0x0000000000000000        0x0 kernel/keyboard.o
 .note.GNU-stack
                0x0000000000000000        0x0 kernel/tty.o
 .note.GNU-stack
                0x0000000000000000        0x0 kernel/console.o
 .note.GNU-stack
                0x0000000000000000        0x0 kernel/i8259.o
 .note.GNU-stack
                0x0000000000000000        0x0 kernel/global.o
 .note.GNU-stack
                0x0000000000000000        0x0 kernel/protect.o
 .note.GNU-stack
                0x0000000000000000        0x0 kernel/proc.o
 .note.GNU-stack
                0x0000000000000000        0x0 kernel/systask.o
 .note.GNU-stack
                0x0000000000000000        0x0 kernel/hd.o
 .note.GNU-stack
                0x0000000000000000        0x0 lib/printf.o
 .note.GNU-stack
                0x0000000000000000        0x0 lib/vsprintf.o
 .note.GNU-stack
                0x0000000000000000        0x0 lib/klib.o
 .note.GNU-stack
                0x0000000000000000        0x0 lib/misc.o
 .note.GNU-stack
                0x0000000000000000        0x0 lib/open.o
 .note.GNU-stack
                0x0000000000000000        0x0 lib/read.o
 .note.GNU-stack
                0x0000000000000000        0x0 lib/write.o
 .note.GNU-stack
                0x0000000000000000        0x0 lib/close.o
 .note.GNU-stack
                0x0000000000000000        0x0 lib/unlink.o
 .note.GNU-stack
                0x0000000000000000        0x0 lib/getpid.o
 .note.GNU-stack
                0x0000000000000000        0x0 lib/syslog.o
 .note.GNU-stack
                0x0000000000000000        0x0 fs/main.o
 .note.GNU-stack
                0x0000000000000000        0x0 fs/open.o
 .note.GNU-stack
                0x0000000000000000        0x0 fs/misc.o
 .note.GNU-stack
                0x0000000000000000        0x0 fs/read_write.o
 .note.GNU-stack
                0x0000000000000000        0x0 fs/link.o
 .note.GNU-stack
                0x0000000000000000        0x0 fs/disklog.o

Memory Configuration

Name             Origin             Length             Attributes
*default*        0x0000000000000000 0xffffffffffffffff

Linker script and memory map

Address of section .text set to 0x1000
LOAD kernel/kernel.o
LOAD lib/syscall.o
LOAD kernel/start.o
LOAD kernel/main.o
LOAD kernel/clock.o
LOAD kernel/keyboard.o
LOAD kernel/tty.o
LOAD kernel/console.o
LOAD kernel/i8259.o
LOAD kernel/global.o
LOAD kernel/protect.o
LOAD kernel/proc.o
LOAD kernel/systask.o
LOAD kernel/hd.o
LOAD lib/printf.o
LOAD lib/vsprintf.o
LOAD lib/kliba.o
LOAD lib/klib.o
LOAD lib/string.o
LOAD lib/misc.o
LOAD lib/open.o
LOAD lib/read.o
LOAD lib/write.o
LOAD lib/close.o
LOAD lib/unlink.o
LOAD lib/getpid.o
LOAD lib/syslog.o
LOAD fs/main.o
LOAD fs/open.o
LOAD fs/misc.o
LOAD fs/read_write.o
LOAD fs/link.o
LOAD fs/disklog.o
                0x0000000008048000                PROVIDE (__executable_start, 0x8048000)
                0x0000000008048094                . = (0x8048000 + SIZEOF_HEADERS)

.interp
 *(.interp)

.note.gnu.build-id
 *(.note.gnu.build-id)

.hash
 *(.hash)

.gnu.hash
 *(.gnu.hash)

.dynsym
 *(.dynsym)

.dynstr
 *(.dynstr)

.gnu.version
 *(.gnu.version)

.gnu.version_d
 *(.gnu.version_d)

.gnu.version_r
 *(.gnu.version_r)

.rel.dyn        0x0000000008048094        0x0
 *(.rel.init)
 *(.rel.text .rel.text.* .rel.gnu.linkonce.t.*)
 .rel.text      0x0000000000000000        0x0 kernel/kernel.o
 *(.rel.fini)
 *(.rel.rodata .rel.rodata.* .rel.gnu.linkonce.r.*)
 *(.rel.data.rel.ro .rel.data.rel.ro.* .rel.gnu.linkonce.d.rel.ro.*)
 *(.rel.data .rel.data.* .rel.gnu.linkonce.d.*)
 .rel.data      0x0000000000000000        0x0 kernel/kernel.o
 *(.rel.tdata .rel.tdata.* .rel.gnu.linkonce.td.*)
 *(.rel.tbss .rel.tbss.* .rel.gnu.linkonce.tb.*)
 *(.rel.ctors)
 *(.rel.dtors)
 *(.rel.got)
 *(.rel.bss .rel.bss.* .rel.gnu.linkonce.b.*)
 *(.rel.ifunc)

.rel.plt        0x0000000008048094        0x0
 *(.rel.plt)
                0x0000000008048094                PROVIDE (__rel_iplt_start, .)
 *(.rel.iplt)
 .rel.iplt      0x0000000000000000        0x0 kernel/kernel.o
                0x0000000008048094                PROVIDE (__rel_iplt_end, .)

.init
 *(SORT(.init))

.plt            0x00000000080480a0        0x0
 *(.plt)
 *(.iplt)
 .iplt          0x0000000000000000        0x0 kernel/kernel.o

.text           0x0000000000001000     0xa351
 *(.text.unlikely .text.*_unlikely .text.unlikely.*)
 *(.text.exit .text.exit.*)
 *(.text.startup .text.startup.*)
 *(.text.hot .text.hot.*)
 *(.text .stub .text.* .gnu.linkonce.t.*)
 .text          0x0000000000001000      0x410 kernel/kernel.o
                0x0000000000001000                _start
                0x0000000000001040                hwint00
                0x0000000000001070                hwint01
                0x00000000000010a0                hwint02
                0x00000000000010d0                hwint03
                0x0000000000001100                hwint04
                0x0000000000001130                hwint05
                0x0000000000001160                hwint06
                0x0000000000001190                hwint07
                0x00000000000011c0                hwint08
                0x00000000000011f0                hwint09
                0x0000000000001220                hwint10
                0x0000000000001250                hwint11
                0x0000000000001280                hwint12
                0x00000000000012b0                hwint13
                0x00000000000012e0                hwint14
                0x0000000000001310                hwint15
                0x0000000000001334                divide_error
                0x000000000000133a                single_step_exception
                0x0000000000001340                nmi
                0x0000000000001346                breakpoint_exception
                0x000000000000134c                overflow
                0x0000000000001352                bounds_check
                0x0000000000001358                inval_opcode
                0x000000000000135e                copr_not_available
                0x0000000000001364                double_fault
                0x0000000000001368                copr_seg_overrun
                0x000000000000136e                inval_tss
                0x0000000000001372                segment_not_present
                0x0000000000001376                stack_exception
                0x000000000000137a                general_protection
                0x000000000000137e                page_fault
                0x0000000000001382                copr_error
                0x00000000000013cb                sys_call
                0x00000000000013eb                restart
 .text          0x0000000000001410       0x28 lib/syscall.o
                0x0000000000001410                sendrec
                0x000000000000142a                printx
 .text          0x0000000000001438       0x8e kernel/start.o
                0x0000000000001438                cstart
 .text          0x00000000000014c6      0x6b8 kernel/main.o
                0x00000000000014c6                kernel_main
                0x0000000000001748                get_ticks
                0x0000000000001780                TestA
                0x0000000000001b06                TestB
                0x0000000000001b1a                TestC
                0x0000000000001b2e                panic
 .text          0x0000000000001b7e      0x115 kernel/clock.o
                0x0000000000001b7e                clock_handler
                0x0000000000001bf6                milli_delay
                0x0000000000001c2f                init_clock
 .text          0x0000000000001c93      0x6cf kernel/keyboard.o
                0x0000000000001c93                keyboard_handler
                0x0000000000001cf9                init_keyboard
                0x0000000000001da8                keyboard_read
 .text          0x0000000000002362      0x9d2 kernel/tty.o
                0x0000000000002362                task_tty
                0x0000000000002516                in_process
                0x0000000000002a3c                sys_printx
                0x0000000000002bdd                dump_tty_buf
 .text          0x0000000000002d34      0x78a kernel/console.o
                0x0000000000002d34                init_screen
                0x0000000000002e4e                out_char
                0x0000000000003144                is_current_console
                0x0000000000003239                select_console
                0x0000000000003274                scroll_screen
 .text          0x00000000000034be      0x13c kernel/i8259.o
                0x00000000000034be                init_8259A
                0x00000000000035af                spurious_irq
                0x00000000000035da                put_irq_handler
 .text          0x00000000000035fa        0x0 kernel/global.o
 .text          0x00000000000035fa      0x7e9 kernel/protect.o
                0x00000000000035fa                init_prot
                0x0000000000003bfb                seg2phys
                0x0000000000003cb6                exception_handler
 .text          0x0000000000003de3     0x1999 kernel/proc.o
                0x0000000000003de3                schedule
                0x0000000000003e6e                sys_sendrec
                0x0000000000003fcc                send_recv
                0x00000000000040ac                ldt_seg_linear
                0x00000000000040f6                va2la
                0x0000000000004165                reset_msg
                0x0000000000005108                inform_int
                0x000000000000529e                dump_proc
                0x0000000000005635                dump_msg
 .text          0x000000000000577c       0x95 kernel/systask.o
                0x000000000000577c                task_sys
 .text          0x0000000000005811     0x110a kernel/hd.o
                0x0000000000005811                task_hd
                0x00000000000068f6                hd_handler
 .text          0x000000000000691b       0xc0 lib/printf.o
                0x000000000000691b                printf
                0x000000000000699a                printl
 .text          0x00000000000069db      0x318 lib/vsprintf.o
                0x0000000000006a3e                vsprintf
                0x0000000000006cc9                sprintf
 *fill*         0x0000000000006cf3        0xd 
 .text          0x0000000000006d00      0x19a lib/kliba.o
                0x0000000000006d00                disp_str
                0x0000000000006d3e                disp_color_str
                0x0000000000006d7d                out_byte
                0x0000000000006d89                in_byte
                0x0000000000006d93                port_read
                0x0000000000006da6                port_write
                0x0000000000006db9                disable_irq
                0x0000000000006dee                enable_irq
                0x0000000000006e0d                disable_int
                0x0000000000006e0f                enable_int
                0x0000000000006e11                glitter
 .text          0x0000000000006e9a      0x116 lib/klib.o
                0x0000000000006e9a                itoa
                0x0000000000006f45                disp_int
                0x0000000000006f6a                delay
 .text          0x0000000000006fb0       0x78 lib/string.o
                0x0000000000006fb0                memcpy
                0x0000000000006fd9                memset
                0x0000000000006ffa                strcpy
                0x0000000000007012                strlen
 .text          0x0000000000007028      0x1a1 lib/misc.o
                0x0000000000007028                memcmp
                0x000000000000709e                strcmp
                0x0000000000007110                strcat
                0x000000000000716f                spin
                0x0000000000007183                assertion_failure
 .text          0x00000000000071c9       0xcc lib/open.o
                0x00000000000071c9                open
                0x000000000000723c                myfsmsg
 .text          0x0000000000007295       0x3f lib/read.o
                0x0000000000007295                read
 .text          0x00000000000072d4       0x3f lib/write.o
                0x00000000000072d4                write
 .text          0x0000000000007313       0x33 lib/close.o
                0x0000000000007313                close
 .text          0x0000000000007346       0x41 lib/unlink.o
                0x0000000000007346                unlink
 .text          0x0000000000007387       0x59 lib/getpid.o
                0x0000000000007387                getpid
 .text          0x00000000000073e0       0xdb lib/syslog.o
                0x00000000000073e0                syslog
 .text          0x00000000000074bb      0xe71 fs/main.o
                0x00000000000074bb                task_fs
                0x0000000000007dda                rw_sector
                0x0000000000008016                get_super_block
                0x000000000000805c                get_inode
                0x00000000000081ca                put_inode
                0x000000000000820f                sync_inode
 .text          0x000000000000832c      0xb58 fs/open.o
                0x000000000000832c                do_open
                0x00000000000087d2                do_close
                0x000000000000882a                do_lseek
 .text          0x0000000000008e84      0x205 fs/misc.o
                0x0000000000008e84                search_file
                0x0000000000008ffd                strip_path
 .text          0x0000000000009089      0x522 fs/read_write.o
                0x0000000000009089                do_rdwt
 .text          0x00000000000095ab      0x8f6 fs/link.o
                0x00000000000095ab                do_unlink
 .text          0x0000000000009ea1     0x14b0 fs/disklog.o
                0x0000000000009ea1                do_disklog
                0x0000000000009f4c                disklog
                0x000000000000a4f6                dump_fd_graph
 *(.gnu.warning)

.fini
 *(SORT(.fini))
                0x000000000000b351                PROVIDE (__etext, .)
                0x000000000000b351                PROVIDE (_etext, .)
                0x000000000000b351                PROVIDE (etext, .)

.rodata         0x000000000000b360     0x2127
 *(.rodata .rodata.* .gnu.linkonce.r.*)
 .rodata        0x000000000000b360       0x47 kernel/start.o
 *fill*         0x000000000000b3a7        0x1 
 .rodata        0x000000000000b3a8      0x1f1 kernel/main.o
 *fill*         0x000000000000b599        0x3 
 .rodata        0x000000000000b59c       0x64 kernel/keyboard.o
 .rodata        0x000000000000b600      0x13c kernel/tty.o
 .rodata        0x000000000000b73c       0x5b kernel/console.o
 .rodata        0x000000000000b797       0x11 kernel/i8259.o
 .rodata        0x000000000000b7a8        0x4 kernel/global.o
                0x000000000000b7a8                FSBUF_SIZE
 *fill*         0x000000000000b7ac       0x14 
 .rodata        0x000000000000b7c0      0x540 kernel/protect.o
 .rodata        0x000000000000bd00      0x62e kernel/proc.o
 .rodata        0x000000000000c32e       0x11 kernel/systask.o
 *fill*         0x000000000000c33f        0x1 
 .rodata        0x000000000000c340      0x400 kernel/hd.o
 .rodata        0x000000000000c740       0x14 lib/printf.o
 .rodata        0x000000000000c754       0x4d lib/misc.o
 .rodata        0x000000000000c7a1       0x23 lib/open.o
 .rodata        0x000000000000c7c4       0x25 lib/getpid.o
 .rodata        0x000000000000c7e9       0x32 lib/syslog.o
 *fill*         0x000000000000c81b        0x1 
 .rodata        0x000000000000c81c      0x206 fs/main.o
 *fill*         0x000000000000ca22        0x2 
 .rodata        0x000000000000ca24      0x138 fs/open.o
 .rodata        0x000000000000cb5c      0x164 fs/read_write.o
 .rodata        0x000000000000ccc0      0x19d fs/link.o
 *fill*         0x000000000000ce5d        0x3 
 .rodata        0x000000000000ce60      0x627 fs/disklog.o

.rodata1
 *(.rodata1)

.eh_frame_hdr
 *(.eh_frame_hdr)

.eh_frame       0x000000000000d488      0xff0
 *(.eh_frame)
 .eh_frame      0x000000000000d488       0x38 kernel/start.o
 .eh_frame      0x000000000000d4c0       0xc0 kernel/main.o
                                         0xd8 (size before relaxing)
 .eh_frame      0x000000000000d580       0x60 kernel/clock.o
                                         0x78 (size before relaxing)
 .eh_frame      0x000000000000d5e0       0xe0 kernel/keyboard.o
                                         0xf8 (size before relaxing)
 .eh_frame      0x000000000000d6c0      0x13c kernel/tty.o
                                        0x154 (size before relaxing)
 .eh_frame      0x000000000000d7fc      0x148 kernel/console.o
                                        0x160 (size before relaxing)
 .eh_frame      0x000000000000d944       0x60 kernel/i8259.o
                                         0x78 (size before relaxing)
 .eh_frame      0x000000000000d9a4       0xb0 kernel/protect.o
                                         0xc8 (size before relaxing)
 .eh_frame      0x000000000000da54      0x1e0 kernel/proc.o
                                        0x1f8 (size before relaxing)
 .eh_frame      0x000000000000dc34       0x1c kernel/systask.o
                                         0x34 (size before relaxing)
 .eh_frame      0x000000000000dc50      0x234 kernel/hd.o
                                        0x24c (size before relaxing)
 .eh_frame      0x000000000000de84       0x40 lib/printf.o
                                         0x58 (size before relaxing)
 .eh_frame      0x000000000000dec4       0x68 lib/vsprintf.o
                                         0x80 (size before relaxing)
 .eh_frame      0x000000000000df2c       0x60 lib/klib.o
                                         0x78 (size before relaxing)
 .eh_frame      0x000000000000df8c       0x9c lib/misc.o
                                         0xb4 (size before relaxing)
 .eh_frame      0x000000000000e028       0x40 lib/open.o
                                         0x58 (size before relaxing)
 .eh_frame      0x000000000000e068       0x20 lib/read.o
                                         0x38 (size before relaxing)
 .eh_frame      0x000000000000e088       0x20 lib/write.o
                                         0x38 (size before relaxing)
 .eh_frame      0x000000000000e0a8       0x20 lib/close.o
                                         0x38 (size before relaxing)
 .eh_frame      0x000000000000e0c8       0x20 lib/unlink.o
                                         0x38 (size before relaxing)
 .eh_frame      0x000000000000e0e8       0x20 lib/getpid.o
                                         0x38 (size before relaxing)
 .eh_frame      0x000000000000e108       0x20 lib/syslog.o
                                         0x38 (size before relaxing)
 .eh_frame      0x000000000000e128      0x134 fs/main.o
                                        0x14c (size before relaxing)
 .eh_frame      0x000000000000e25c       0xfc fs/open.o
                                        0x114 (size before relaxing)
 .eh_frame      0x000000000000e358       0x48 fs/misc.o
                                         0x60 (size before relaxing)
 .eh_frame      0x000000000000e3a0       0x2c fs/read_write.o
                                         0x44 (size before relaxing)
 .eh_frame      0x000000000000e3cc       0x2c fs/link.o
                                         0x44 (size before relaxing)
 .eh_frame      0x000000000000e3f8       0x80 fs/disklog.o
                                         0x98 (size before relaxing)

.gcc_except_table
 *(.gcc_except_table .gcc_except_table.*)

.exception_ranges
 *(.exception_ranges .exception_ranges*)
                0x000000000000e478                . = (ALIGN (0x1000) - ((0x1000 - .) & 0xfff))
                0x000000000000f000                . = DATA_SEGMENT_ALIGN (0x1000, 0x1000)

.eh_frame
 *(.eh_frame)

.gcc_except_table
 *(.gcc_except_table .gcc_except_table.*)

.exception_ranges
 *(.exception_ranges .exception_ranges*)

.tdata
 *(.tdata .tdata.* .gnu.linkonce.td.*)

.tbss
 *(.tbss .tbss.* .gnu.linkonce.tb.*)
 *(.tcommon)

.preinit_array  0x000000000000f000        0x0
                0x000000000000f000                PROVIDE (__preinit_array_start, .)
 *(.preinit_array)
                0x000000000000f000                PROVIDE (__preinit_array_end, .)

.init_array     0x000000000000f000        0x0
                0x000000000000f000                PROVIDE (__init_array_start, .)
 *(SORT(.init_array.*) SORT(.ctors.*))
 *(.init_array EXCLUDE_FILE(*crtend?.o *crtend.o *crtbegin?.o *crtbegin.o) .ctors)
                0x000000000000f000                PROVIDE (__init_array_end, .)

.fini_array     0x000000000000f000        0x0
                0x000000000000f000                PROVIDE (__fini_array_start, .)
 *(SORT(.fini_array.*) SORT(.dtors.*))
 *(.fini_array EXCLUDE_FILE(*crtend?.o *crtend.o *crtbegin?.o *crtbegin.o) .dtors)
                0x000000000000f000                PROVIDE (__fini_array_end, .)

.ctors
 *crtbegin.o(.ctors)
 *crtbegin?.o(.ctors)
 *(EXCLUDE_FILE(*crtend?.o *crtend.o) .ctors)
 *(SORT(.ctors.*))
 *(.ctors)

.dtors
 *crtbegin.o(.dtors)
 *crtbegin?.o(.dtors)
 *(EXCLUDE_FILE(*crtend?.o *crtend.o) .dtors)
 *(SORT(.dtors.*))
 *(.dtors)

.jcr
 *(.jcr)

.data.rel.ro
 *(.data.rel.ro.local* .gnu.linkonce.d.rel.ro.local.*)
 *(.data.rel.ro .data.rel.ro.* .gnu.linkonce.d.rel.ro.*)

.dynamic
 *(.dynamic)

.got
 *(.got)
 *(.igot)
                0x000000000000f000                . = DATA_SEGMENT_RELRO_END (., (SIZEOF (.got.plt) >= 0xc)?0xc:0x0)

.got.plt        0x000000000000f000        0x0
 *(.got.plt)
 *(.igot.plt)
 .igot.plt      0x0000000000000000        0x0 kernel/kernel.o

.data           0x000000000000f000      0x7a0
 *(.data .data.* .gnu.linkonce.d.*)
 .data          0x000000000000f000        0x2 kernel/kernel.o
 .data          0x000000000000f002        0x0 kernel/start.o
 .data          0x000000000000f002        0x0 kernel/main.o
 .data          0x000000000000f002        0x0 kernel/clock.o
 *fill*         0x000000000000f002       0x1e 
 .data          0x000000000000f020      0x600 kernel/keyboard.o
                0x000000000000f020                keymap
 .data          0x000000000000f620       0x22 kernel/tty.o
 .data          0x000000000000f642        0x0 kernel/console.o
 .data          0x000000000000f642        0x0 kernel/i8259.o
 *fill*         0x000000000000f642       0x1e 
 .data          0x000000000000f660      0x140 kernel/global.o
                0x000000000000f660                task_table
                0x000000000000f700                user_proc_table
                0x000000000000f778                sys_call_table
                0x000000000000f784                dd_map
                0x000000000000f79c                fsbuf
 .data          0x000000000000f7a0        0x0 kernel/protect.o
 .data          0x000000000000f7a0        0x0 kernel/proc.o
 .data          0x000000000000f7a0        0x0 kernel/systask.o
 .data          0x000000000000f7a0        0x0 kernel/hd.o
 .data          0x000000000000f7a0        0x0 lib/printf.o
 .data          0x000000000000f7a0        0x0 lib/vsprintf.o
 .data          0x000000000000f7a0        0x0 lib/klib.o
 .data          0x000000000000f7a0        0x0 lib/misc.o
 .data          0x000000000000f7a0        0x0 lib/open.o
 .data          0x000000000000f7a0        0x0 lib/read.o
 .data          0x000000000000f7a0        0x0 lib/write.o
 .data          0x000000000000f7a0        0x0 lib/close.o
 .data          0x000000000000f7a0        0x0 lib/unlink.o
 .data          0x000000000000f7a0        0x0 lib/getpid.o
 .data          0x000000000000f7a0        0x0 lib/syslog.o
 .data          0x000000000000f7a0        0x0 fs/main.o
 .data          0x000000000000f7a0        0x0 fs/open.o
 .data          0x000000000000f7a0        0x0 fs/misc.o
 .data          0x000000000000f7a0        0x0 fs/read_write.o
 .data          0x000000000000f7a0        0x0 fs/link.o
 .data          0x000000000000f7a0        0x0 fs/disklog.o

.data1
 *(.data1)
                0x000000000000f7a0                _edata = .
                0x000000000000f7a0                PROVIDE (edata, .)
                0x000000000000f7a0                . = .
                0x000000000000f7a0                __bss_start = .

.bss            0x000000000000f7a0    0x3c650
 *(.dynbss)
 *(.bss .bss.* .gnu.linkonce.b.*)
 .bss           0x000000000000f7a0      0x800 kernel/kernel.o
 .bss           0x000000000000ffa0        0x0 kernel/start.o
 .bss           0x000000000000ffa0        0x0 kernel/main.o
 .bss           0x000000000000ffa0        0x0 kernel/clock.o
 .bss           0x000000000000ffa0       0x58 kernel/keyboard.o
 .bss           0x000000000000fff8        0x0 kernel/tty.o
 .bss           0x000000000000fff8        0x0 kernel/console.o
 .bss           0x000000000000fff8        0x0 kernel/i8259.o
 .bss           0x000000000000fff8        0x0 kernel/global.o
 .bss           0x000000000000fff8        0x0 kernel/protect.o
 .bss           0x000000000000fff8        0x0 kernel/proc.o
 .bss           0x000000000000fff8        0x0 kernel/systask.o
 *fill*         0x000000000000fff8        0x8 
 .bss           0x0000000000010000      0x64c kernel/hd.o
 .bss           0x000000000001064c        0x0 lib/printf.o
 .bss           0x000000000001064c        0x0 lib/vsprintf.o
 .bss           0x000000000001064c        0x0 lib/klib.o
 .bss           0x000000000001064c        0x0 lib/misc.o
 .bss           0x000000000001064c        0x0 lib/open.o
 .bss           0x000000000001064c        0x0 lib/read.o
 .bss           0x000000000001064c        0x0 lib/write.o
 .bss           0x000000000001064c        0x0 lib/close.o
 .bss           0x000000000001064c        0x0 lib/unlink.o
 .bss           0x000000000001064c        0x0 lib/getpid.o
 .bss           0x000000000001064c        0x0 lib/syslog.o
 .bss           0x000000000001064c        0x0 fs/main.o
 .bss           0x000000000001064c        0x0 fs/open.o
 .bss           0x000000000001064c        0x0 fs/misc.o
 .bss           0x000000000001064c        0x0 fs/read_write.o
 .bss           0x000000000001064c        0x0 fs/link.o
 *fill*         0x000000000001064c       0x14 
 .bss           0x0000000000010660      0x208 fs/disklog.o
 *(COMMON)
 *fill*         0x0000000000010868       0x18 
 COMMON         0x0000000000010880    0x3b55e kernel/global.o
                0x0000000000010880                idt_ptr
                0x00000000000108a0                inode_table
                0x00000000000113a0                task_stack
                0x00000000000493a0                k_reenter
                0x00000000000493c0                gdt
                0x00000000000497c0                current_console
                0x00000000000497c4                pcaller
                0x00000000000497e0                tty_table
                0x000000000004a460                tss
                0x000000000004a4e0                fs_msg
                0x000000000004a520                f_desc_table
                0x000000000004a820                root_inode
                0x000000000004a824                disp_pos
                0x000000000004a828                key_pressed
                0x000000000004a82c                gdt_ptr
                0x000000000004a840                idt
                0x000000000004b040                super_block
                0x000000000004b220                ticks
                0x000000000004b240                console_table
                0x000000000004b280                irq_table
                0x000000000004b2c0                p_proc_ready
                0x000000000004b2e0                proc_table
 COMMON         0x000000000004bdde       0x10 kernel/hd.o
                0x000000000004bdde                PARTITION_ENTRY
                0x000000000004bdf0                . = ALIGN ((. != 0x0)?0x4:0x1)
 *fill*         0x000000000004bdee        0x2 
                0x000000000004bdf0                . = ALIGN (0x4)
                0x000000000004bdf0                . = SEGMENT_START ("ldata-segment", .)
                0x000000000004bdf0                . = ALIGN (0x4)
                0x000000000004bdf0                _end = .
                0x000000000004bdf0                PROVIDE (end, .)
                0x000000000004bdf0                . = DATA_SEGMENT_END (.)

.stab
 *(.stab)

.stabstr
 *(.stabstr)

.stab.excl
 *(.stab.excl)

.stab.exclstr
 *(.stab.exclstr)

.stab.index
 *(.stab.index)

.stab.indexstr
 *(.stab.indexstr)

.comment        0x0000000000000000       0x29
 *(.comment)
 .comment       0x0000000000000000       0x29 kernel/start.o
                                         0x2a (size before relaxing)
 .comment       0x0000000000000000       0x2a kernel/main.o
 .comment       0x0000000000000000       0x2a kernel/clock.o
 .comment       0x0000000000000000       0x2a kernel/keyboard.o
 .comment       0x0000000000000000       0x2a kernel/tty.o
 .comment       0x0000000000000000       0x2a kernel/console.o
 .comment       0x0000000000000000       0x2a kernel/i8259.o
 .comment       0x0000000000000000       0x2a kernel/global.o
 .comment       0x0000000000000000       0x2a kernel/protect.o
 .comment       0x0000000000000000       0x2a kernel/proc.o
 .comment       0x0000000000000000       0x2a kernel/systask.o
 .comment       0x0000000000000000       0x2a kernel/hd.o
 .comment       0x0000000000000000       0x2a lib/printf.o
 .comment       0x0000000000000000       0x2a lib/vsprintf.o
 .comment       0x0000000000000000       0x2a lib/klib.o
 .comment       0x0000000000000000       0x2a lib/misc.o
 .comment       0x0000000000000000       0x2a lib/open.o
 .comment       0x0000000000000000       0x2a lib/read.o
 .comment       0x0000000000000000       0x2a lib/write.o
 .comment       0x0000000000000000       0x2a lib/close.o
 .comment       0x0000000000000000       0x2a lib/unlink.o
 .comment       0x0000000000000000       0x2a lib/getpid.o
 .comment       0x0000000000000000       0x2a lib/syslog.o
 .comment       0x0000000000000000       0x2a fs/main.o
 .comment       0x0000000000000000       0x2a fs/open.o
 .comment       0x0000000000000000       0x2a fs/misc.o
 .comment       0x0000000000000000       0x2a fs/read_write.o
 .comment       0x0000000000000000       0x2a fs/link.o
 .comment       0x0000000000000000       0x2a fs/disklog.o

.debug
 *(.debug)

.line
 *(.line)

.debug_srcinfo
 *(.debug_srcinfo)

.debug_sfnames
 *(.debug_sfnames)

.debug_aranges
 *(.debug_aranges)

.debug_pubnames
 *(.debug_pubnames)

.debug_info
 *(.debug_info .gnu.linkonce.wi.*)

.debug_abbrev
 *(.debug_abbrev)

.debug_line
 *(.debug_line .debug_line.* .debug_line_end)

.debug_frame
 *(.debug_frame)

.debug_str
 *(.debug_str)

.debug_loc
 *(.debug_loc)

.debug_macinfo
 *(.debug_macinfo)

.debug_weaknames
 *(.debug_weaknames)

.debug_funcnames
 *(.debug_funcnames)

.debug_typenames
 *(.debug_typenames)

.debug_varnames
 *(.debug_varnames)

.debug_pubtypes
 *(.debug_pubtypes)

.debug_ranges
 *(.debug_ranges)

.debug_macro
 *(.debug_macro)

.gnu.attributes
 *(.gnu.attributes)

/DISCARD/
 *(.note.GNU-stack)
 *(.gnu_debuglink)
 *(.gnu.lto_*)
OUTPUT(kernel.bin elf32-i386)
