
Allocating common symbols
Common symbol       size              file

idt_ptr             0x6               kernel/global.o
inode_table         0xb00             kernel/global.o
task_stack          0x38000           kernel/global.o
k_reenter           0x4               kernel/global.o
gdt                 0x400             kernel/global.o
current_console     0x4               kernel/global.o
pcaller             0x4               kernel/global.o
tty_table           0xc6c             kernel/global.o
tss                 0x68              kernel/global.o
fs_msg              0x30              kernel/global.o
f_desc_table        0x300             kernel/global.o
root_inode          0x4               kernel/global.o
disp_pos            0x4               kernel/global.o
key_pressed         0x4               kernel/global.o
gdt_ptr             0x6               kernel/global.o
idt                 0x800             kernel/global.o
super_block         0x1e0             kernel/global.o
PARTITION_ENTRY     0x10              kernel/hd.o
ticks               0x4               kernel/global.o
console_table       0x3c              kernel/global.o
irq_table           0x40              kernel/global.o
p_proc_ready        0x4               kernel/global.o
proc_table          0xafe             kernel/global.o

Discarded input sections

 .note.GNU-stack
                0x0000000000000000        0x0 kernel/start.o
 .note.GNU-stack
                0x0000000000000000        0x0 kernel/main.o
 .note.GNU-stack
                0x0000000000000000        0x0 kernel/clock.o
 .note.GNU-stack
                0x0000000000000000        0x0 kernel/keyboard.o
 .note.GNU-stack
                0x0000000000000000        0x0 kernel/tty.o
 .note.GNU-stack
                0x0000000000000000        0x0 kernel/console.o
 .note.GNU-stack
                0x0000000000000000        0x0 kernel/i8259.o
 .note.GNU-stack
                0x0000000000000000        0x0 kernel/global.o
 .note.GNU-stack
                0x0000000000000000        0x0 kernel/protect.o
 .note.GNU-stack
                0x0000000000000000        0x0 kernel/proc.o
 .note.GNU-stack
                0x0000000000000000        0x0 kernel/systask.o
 .note.GNU-stack
                0x0000000000000000        0x0 kernel/hd.o
 .note.GNU-stack
                0x0000000000000000        0x0 lib/printf.o
 .note.GNU-stack
                0x0000000000000000        0x0 lib/vsprintf.o
 .note.GNU-stack
                0x0000000000000000        0x0 lib/klib.o
 .note.GNU-stack
                0x0000000000000000        0x0 lib/misc.o
 .note.GNU-stack
                0x0000000000000000        0x0 lib/open.o
 .note.GNU-stack
                0x0000000000000000        0x0 lib/read.o
 .note.GNU-stack
                0x0000000000000000        0x0 lib/write.o
 .note.GNU-stack
                0x0000000000000000        0x0 lib/close.o
 .note.GNU-stack
                0x0000000000000000        0x0 lib/unlink.o
 .note.GNU-stack
                0x0000000000000000        0x0 lib/getpid.o
 .note.GNU-stack
                0x0000000000000000        0x0 lib/syslog.o
 .note.GNU-stack
                0x0000000000000000        0x0 fs/main.o
 .note.GNU-stack
                0x0000000000000000        0x0 fs/open.o
 .note.GNU-stack
                0x0000000000000000        0x0 fs/misc.o
 .note.GNU-stack
                0x0000000000000000        0x0 fs/read_write.o
 .note.GNU-stack
                0x0000000000000000        0x0 fs/link.o
 .note.GNU-stack
                0x0000000000000000        0x0 fs/disklog.o

Memory Configuration

Name             Origin             Length             Attributes
*default*        0x0000000000000000 0xffffffffffffffff

Linker script and memory map

Address of section .text set to 0x1000
LOAD kernel/kernel.o
LOAD lib/syscall.o
LOAD kernel/start.o
LOAD kernel/main.o
LOAD kernel/clock.o
LOAD kernel/keyboard.o
LOAD kernel/tty.o
LOAD kernel/console.o
LOAD kernel/i8259.o
LOAD kernel/global.o
LOAD kernel/protect.o
LOAD kernel/proc.o
LOAD kernel/systask.o
LOAD kernel/hd.o
LOAD lib/printf.o
LOAD lib/vsprintf.o
LOAD lib/kliba.o
LOAD lib/klib.o
LOAD lib/string.o
LOAD lib/misc.o
LOAD lib/open.o
LOAD lib/read.o
LOAD lib/write.o
LOAD lib/close.o
LOAD lib/unlink.o
LOAD lib/getpid.o
LOAD lib/syslog.o
LOAD fs/main.o
LOAD fs/open.o
LOAD fs/misc.o
LOAD fs/read_write.o
LOAD fs/link.o
LOAD fs/disklog.o
                0x0000000008048000                PROVIDE (__executable_start, 0x8048000)
                0x0000000008048094                . = (0x8048000 + SIZEOF_HEADERS)

.interp
 *(.interp)

.note.gnu.build-id
 *(.note.gnu.build-id)

.hash
 *(.hash)

.gnu.hash
 *(.gnu.hash)

.dynsym
 *(.dynsym)

.dynstr
 *(.dynstr)

.gnu.version
 *(.gnu.version)

.gnu.version_d
 *(.gnu.version_d)

.gnu.version_r
 *(.gnu.version_r)

.rel.dyn        0x0000000008048094        0x0
 *(.rel.init)
 *(.rel.text .rel.text.* .rel.gnu.linkonce.t.*)
 .rel.text      0x0000000000000000        0x0 kernel/kernel.o
 *(.rel.fini)
 *(.rel.rodata .rel.rodata.* .rel.gnu.linkonce.r.*)
 *(.rel.data.rel.ro .rel.data.rel.ro.* .rel.gnu.linkonce.d.rel.ro.*)
 *(.rel.data .rel.data.* .rel.gnu.linkonce.d.*)
 .rel.data      0x0000000000000000        0x0 kernel/kernel.o
 *(.rel.tdata .rel.tdata.* .rel.gnu.linkonce.td.*)
 *(.rel.tbss .rel.tbss.* .rel.gnu.linkonce.tb.*)
 *(.rel.ctors)
 *(.rel.dtors)
 *(.rel.got)
 *(.rel.bss .rel.bss.* .rel.gnu.linkonce.b.*)
 *(.rel.ifunc)

.rel.plt        0x0000000008048094        0x0
 *(.rel.plt)
                0x0000000008048094                PROVIDE (__rel_iplt_start, .)
 *(.rel.iplt)
 .rel.iplt      0x0000000000000000        0x0 kernel/kernel.o
                0x0000000008048094                PROVIDE (__rel_iplt_end, .)

.init
 *(SORT(.init))

.plt            0x00000000080480a0        0x0
 *(.plt)
 *(.iplt)
 .iplt          0x0000000000000000        0x0 kernel/kernel.o

.text           0x0000000000001000     0xa24c
 *(.text.unlikely .text.*_unlikely .text.unlikely.*)
 *(.text.exit .text.exit.*)
 *(.text.startup .text.startup.*)
 *(.text.hot .text.hot.*)
 *(.text .stub .text.* .gnu.linkonce.t.*)
 .text          0x0000000000001000      0x410 kernel/kernel.o
                0x0000000000001000                _start
                0x0000000000001040                hwint00
                0x0000000000001070                hwint01
                0x00000000000010a0                hwint02
                0x00000000000010d0                hwint03
                0x0000000000001100                hwint04
                0x0000000000001130                hwint05
                0x0000000000001160                hwint06
                0x0000000000001190                hwint07
                0x00000000000011c0                hwint08
                0x00000000000011f0                hwint09
                0x0000000000001220                hwint10
                0x0000000000001250                hwint11
                0x0000000000001280                hwint12
                0x00000000000012b0                hwint13
                0x00000000000012e0                hwint14
                0x0000000000001310                hwint15
                0x0000000000001334                divide_error
                0x000000000000133a                single_step_exception
                0x0000000000001340                nmi
                0x0000000000001346                breakpoint_exception
                0x000000000000134c                overflow
                0x0000000000001352                bounds_check
                0x0000000000001358                inval_opcode
                0x000000000000135e                copr_not_available
                0x0000000000001364                double_fault
                0x0000000000001368                copr_seg_overrun
                0x000000000000136e                inval_tss
                0x0000000000001372                segment_not_present
                0x0000000000001376                stack_exception
                0x000000000000137a                general_protection
                0x000000000000137e                page_fault
                0x0000000000001382                copr_error
                0x00000000000013cb                sys_call
                0x00000000000013eb                restart
 .text          0x0000000000001410       0x28 lib/syscall.o
                0x0000000000001410                sendrec
                0x000000000000142a                printx
 .text          0x0000000000001438       0x8e kernel/start.o
                0x0000000000001438                cstart
 .text          0x00000000000014c6      0x78b kernel/main.o
                0x00000000000014c6                kernel_main
                0x0000000000001748                get_ticks
                0x0000000000001780                TestA
                0x0000000000001ac3                TestB
                0x0000000000001bed                TestC
                0x0000000000001c01                panic
 .text          0x0000000000001c51      0x115 kernel/clock.o
                0x0000000000001c51                clock_handler
                0x0000000000001cc9                milli_delay
                0x0000000000001d02                init_clock
 .text          0x0000000000001d66      0x6cf kernel/keyboard.o
                0x0000000000001d66                keyboard_handler
                0x0000000000001dcc                init_keyboard
                0x0000000000001e7b                keyboard_read
 .text          0x0000000000002435      0x9d2 kernel/tty.o
                0x0000000000002435                task_tty
                0x00000000000025e9                in_process
                0x0000000000002b0f                sys_printx
                0x0000000000002cb0                dump_tty_buf
 .text          0x0000000000002e07      0x7e1 kernel/console.o
                0x0000000000002e07                init_screen
                0x0000000000002f78                out_char
                0x000000000000326e                is_current_console
                0x0000000000003363                select_console
                0x000000000000339e                scroll_screen
 .text          0x00000000000035e8      0x13c kernel/i8259.o
                0x00000000000035e8                init_8259A
                0x00000000000036d9                spurious_irq
                0x0000000000003704                put_irq_handler
 .text          0x0000000000003724        0x0 kernel/global.o
 .text          0x0000000000003724      0x7e9 kernel/protect.o
                0x0000000000003724                init_prot
                0x0000000000003d25                seg2phys
                0x0000000000003de0                exception_handler
 .text          0x0000000000003f0d     0x1999 kernel/proc.o
                0x0000000000003f0d                schedule
                0x0000000000003f98                sys_sendrec
                0x00000000000040f6                send_recv
                0x00000000000041d6                ldt_seg_linear
                0x0000000000004220                va2la
                0x000000000000428f                reset_msg
                0x0000000000005232                inform_int
                0x00000000000053c8                dump_proc
                0x000000000000575f                dump_msg
 .text          0x00000000000058a6       0x95 kernel/systask.o
                0x00000000000058a6                task_sys
 .text          0x000000000000593b      0xf48 kernel/hd.o
                0x000000000000593b                task_hd
                0x000000000000685e                hd_handler
 .text          0x0000000000006883       0xc0 lib/printf.o
                0x0000000000006883                printf
                0x0000000000006902                printl
 .text          0x0000000000006943      0x318 lib/vsprintf.o
                0x00000000000069a6                vsprintf
                0x0000000000006c31                sprintf
 *fill*         0x0000000000006c5b        0x5 
 .text          0x0000000000006c60      0x19a lib/kliba.o
                0x0000000000006c60                disp_str
                0x0000000000006c9e                disp_color_str
                0x0000000000006cdd                out_byte
                0x0000000000006ce9                in_byte
                0x0000000000006cf3                port_read
                0x0000000000006d06                port_write
                0x0000000000006d19                disable_irq
                0x0000000000006d4e                enable_irq
                0x0000000000006d6d                disable_int
                0x0000000000006d6f                enable_int
                0x0000000000006d71                glitter
 .text          0x0000000000006dfa      0x116 lib/klib.o
                0x0000000000006dfa                itoa
                0x0000000000006ea5                disp_int
                0x0000000000006eca                delay
 .text          0x0000000000006f10       0x78 lib/string.o
                0x0000000000006f10                memcpy
                0x0000000000006f39                memset
                0x0000000000006f5a                strcpy
                0x0000000000006f72                strlen
 .text          0x0000000000006f88      0x1a8 lib/misc.o
                0x0000000000006f88                memcmp
                0x0000000000006ffe                strcmp
                0x0000000000007070                strcat
                0x00000000000070cf                spin
                0x00000000000070ea                assertion_failure
 .text          0x0000000000007130       0x73 lib/open.o
                0x0000000000007130                open
 .text          0x00000000000071a3       0x3f lib/read.o
                0x00000000000071a3                read
 .text          0x00000000000071e2       0x3f lib/write.o
                0x00000000000071e2                write
 .text          0x0000000000007221       0x33 lib/close.o
                0x0000000000007221                close
 .text          0x0000000000007254       0x41 lib/unlink.o
                0x0000000000007254                unlink
 .text          0x0000000000007295       0x59 lib/getpid.o
                0x0000000000007295                getpid
 .text          0x00000000000072ee       0xdb lib/syslog.o
                0x00000000000072ee                syslog
 .text          0x00000000000073c9      0xe69 fs/main.o
                0x00000000000073c9                task_fs
                0x0000000000007ce0                rw_sector
                0x0000000000007f1c                get_super_block
                0x0000000000007f62                get_inode
                0x00000000000080d0                put_inode
                0x0000000000008115                sync_inode
 .text          0x0000000000008232      0xb4d fs/open.o
                0x0000000000008232                do_open
                0x00000000000086d0                do_close
                0x0000000000008728                do_lseek
 .text          0x0000000000008d7f      0x205 fs/misc.o
                0x0000000000008d7f                search_file
                0x0000000000008ef8                strip_path
 .text          0x0000000000008f84      0x522 fs/read_write.o
                0x0000000000008f84                do_rdwt
 .text          0x00000000000094a6      0x8f6 fs/link.o
                0x00000000000094a6                do_unlink
 .text          0x0000000000009d9c     0x14b0 fs/disklog.o
                0x0000000000009d9c                do_disklog
                0x0000000000009e47                disklog
                0x000000000000a3f1                dump_fd_graph
 *(.gnu.warning)

.fini
 *(SORT(.fini))
                0x000000000000b24c                PROVIDE (__etext, .)
                0x000000000000b24c                PROVIDE (_etext, .)
                0x000000000000b24c                PROVIDE (etext, .)

.rodata         0x000000000000b260     0x1eff
 *(.rodata .rodata.* .gnu.linkonce.r.*)
 .rodata        0x000000000000b260       0x47 kernel/start.o
 *fill*         0x000000000000b2a7        0x1 
 .rodata        0x000000000000b2a8      0x14e kernel/main.o
 *fill*         0x000000000000b3f6        0x2 
 .rodata        0x000000000000b3f8       0x64 kernel/keyboard.o
 .rodata        0x000000000000b45c      0x13c kernel/tty.o
 .rodata        0x000000000000b598       0x5b kernel/console.o
 .rodata        0x000000000000b5f3       0x11 kernel/i8259.o
 .rodata        0x000000000000b604        0x4 kernel/global.o
                0x000000000000b604                FSBUF_SIZE
 *fill*         0x000000000000b608       0x18 
 .rodata        0x000000000000b620      0x540 kernel/protect.o
 .rodata        0x000000000000bb60      0x62e kernel/proc.o
 .rodata        0x000000000000c18e       0x11 kernel/systask.o
 *fill*         0x000000000000c19f        0x1 
 .rodata        0x000000000000c1a0      0x270 kernel/hd.o
 .rodata        0x000000000000c410       0x14 lib/printf.o
 .rodata        0x000000000000c424       0x61 lib/misc.o
 .rodata        0x000000000000c485       0x23 lib/open.o
 .rodata        0x000000000000c4a8       0x25 lib/getpid.o
 .rodata        0x000000000000c4cd       0x32 lib/syslog.o
 *fill*         0x000000000000c4ff        0x1 
 .rodata        0x000000000000c500      0x1fa fs/main.o
 *fill*         0x000000000000c6fa        0x2 
 .rodata        0x000000000000c6fc      0x138 fs/open.o
 .rodata        0x000000000000c834      0x164 fs/read_write.o
 .rodata        0x000000000000c998      0x19d fs/link.o
 *fill*         0x000000000000cb35        0x3 
 .rodata        0x000000000000cb38      0x627 fs/disklog.o

.rodata1
 *(.rodata1)

.eh_frame_hdr
 *(.eh_frame_hdr)

.eh_frame       0x000000000000d160      0xfd4
 *(.eh_frame)
 .eh_frame      0x000000000000d160       0x38 kernel/start.o
 .eh_frame      0x000000000000d198       0xbc kernel/main.o
                                         0xd4 (size before relaxing)
 .eh_frame      0x000000000000d254       0x60 kernel/clock.o
                                         0x78 (size before relaxing)
 .eh_frame      0x000000000000d2b4       0xe0 kernel/keyboard.o
                                         0xf8 (size before relaxing)
 .eh_frame      0x000000000000d394      0x13c kernel/tty.o
                                        0x154 (size before relaxing)
 .eh_frame      0x000000000000d4d0      0x148 kernel/console.o
                                        0x160 (size before relaxing)
 .eh_frame      0x000000000000d618       0x60 kernel/i8259.o
                                         0x78 (size before relaxing)
 .eh_frame      0x000000000000d678       0xb0 kernel/protect.o
                                         0xc8 (size before relaxing)
 .eh_frame      0x000000000000d728      0x1e0 kernel/proc.o
                                        0x1f8 (size before relaxing)
 .eh_frame      0x000000000000d908       0x1c kernel/systask.o
                                         0x34 (size before relaxing)
 .eh_frame      0x000000000000d924      0x210 kernel/hd.o
                                        0x228 (size before relaxing)
 .eh_frame      0x000000000000db34       0x40 lib/printf.o
                                         0x58 (size before relaxing)
 .eh_frame      0x000000000000db74       0x68 lib/vsprintf.o
                                         0x80 (size before relaxing)
 .eh_frame      0x000000000000dbdc       0x60 lib/klib.o
                                         0x78 (size before relaxing)
 .eh_frame      0x000000000000dc3c       0x9c lib/misc.o
                                         0xb4 (size before relaxing)
 .eh_frame      0x000000000000dcd8       0x20 lib/open.o
                                         0x38 (size before relaxing)
 .eh_frame      0x000000000000dcf8       0x20 lib/read.o
                                         0x38 (size before relaxing)
 .eh_frame      0x000000000000dd18       0x20 lib/write.o
                                         0x38 (size before relaxing)
 .eh_frame      0x000000000000dd38       0x20 lib/close.o
                                         0x38 (size before relaxing)
 .eh_frame      0x000000000000dd58       0x20 lib/unlink.o
                                         0x38 (size before relaxing)
 .eh_frame      0x000000000000dd78       0x20 lib/getpid.o
                                         0x38 (size before relaxing)
 .eh_frame      0x000000000000dd98       0x20 lib/syslog.o
                                         0x38 (size before relaxing)
 .eh_frame      0x000000000000ddb8      0x134 fs/main.o
                                        0x14c (size before relaxing)
 .eh_frame      0x000000000000deec      0x128 fs/open.o
                                        0x140 (size before relaxing)
 .eh_frame      0x000000000000e014       0x48 fs/misc.o
                                         0x60 (size before relaxing)
 .eh_frame      0x000000000000e05c       0x2c fs/read_write.o
                                         0x44 (size before relaxing)
 .eh_frame      0x000000000000e088       0x2c fs/link.o
                                         0x44 (size before relaxing)
 .eh_frame      0x000000000000e0b4       0x80 fs/disklog.o
                                         0x98 (size before relaxing)

.gcc_except_table
 *(.gcc_except_table .gcc_except_table.*)

.exception_ranges
 *(.exception_ranges .exception_ranges*)
                0x000000000000e134                . = (ALIGN (0x1000) - ((0x1000 - .) & 0xfff))
                0x000000000000f134                . = DATA_SEGMENT_ALIGN (0x1000, 0x1000)

.eh_frame
 *(.eh_frame)

.gcc_except_table
 *(.gcc_except_table .gcc_except_table.*)

.exception_ranges
 *(.exception_ranges .exception_ranges*)

.tdata
 *(.tdata .tdata.* .gnu.linkonce.td.*)

.tbss
 *(.tbss .tbss.* .gnu.linkonce.tb.*)
 *(.tcommon)

.preinit_array  0x000000000000f134        0x0
                0x000000000000f134                PROVIDE (__preinit_array_start, .)
 *(.preinit_array)
                0x000000000000f134                PROVIDE (__preinit_array_end, .)

.init_array     0x000000000000f134        0x0
                0x000000000000f134                PROVIDE (__init_array_start, .)
 *(SORT(.init_array.*) SORT(.ctors.*))
 *(.init_array EXCLUDE_FILE(*crtend?.o *crtend.o *crtbegin?.o *crtbegin.o) .ctors)
                0x000000000000f134                PROVIDE (__init_array_end, .)

.fini_array     0x000000000000f134        0x0
                0x000000000000f134                PROVIDE (__fini_array_start, .)
 *(SORT(.fini_array.*) SORT(.dtors.*))
 *(.fini_array EXCLUDE_FILE(*crtend?.o *crtend.o *crtbegin?.o *crtbegin.o) .dtors)
                0x000000000000f134                PROVIDE (__fini_array_end, .)

.ctors
 *crtbegin.o(.ctors)
 *crtbegin?.o(.ctors)
 *(EXCLUDE_FILE(*crtend?.o *crtend.o) .ctors)
 *(SORT(.ctors.*))
 *(.ctors)

.dtors
 *crtbegin.o(.dtors)
 *crtbegin?.o(.dtors)
 *(EXCLUDE_FILE(*crtend?.o *crtend.o) .dtors)
 *(SORT(.dtors.*))
 *(.dtors)

.jcr
 *(.jcr)

.data.rel.ro
 *(.data.rel.ro.local* .gnu.linkonce.d.rel.ro.local.*)
 *(.data.rel.ro .data.rel.ro.* .gnu.linkonce.d.rel.ro.*)

.dynamic
 *(.dynamic)

.got
 *(.got)
 *(.igot)
                0x000000000000f134                . = DATA_SEGMENT_RELRO_END (., (SIZEOF (.got.plt) >= 0xc)?0xc:0x0)

.got.plt        0x000000000000f134        0x0
 *(.got.plt)
 *(.igot.plt)
 .igot.plt      0x0000000000000000        0x0 kernel/kernel.o

.data           0x000000000000f140      0x7a0
 *(.data .data.* .gnu.linkonce.d.*)
 .data          0x000000000000f140        0x2 kernel/kernel.o
 .data          0x000000000000f142        0x0 kernel/start.o
 .data          0x000000000000f142        0x0 kernel/main.o
 .data          0x000000000000f142        0x0 kernel/clock.o
 *fill*         0x000000000000f142       0x1e 
 .data          0x000000000000f160      0x600 kernel/keyboard.o
                0x000000000000f160                keymap
 .data          0x000000000000f760       0x22 kernel/tty.o
 .data          0x000000000000f782        0x0 kernel/console.o
 .data          0x000000000000f782        0x0 kernel/i8259.o
 *fill*         0x000000000000f782       0x1e 
 .data          0x000000000000f7a0      0x140 kernel/global.o
                0x000000000000f7a0                task_table
                0x000000000000f840                user_proc_table
                0x000000000000f8b8                sys_call_table
                0x000000000000f8c4                dd_map
                0x000000000000f8dc                fsbuf
 .data          0x000000000000f8e0        0x0 kernel/protect.o
 .data          0x000000000000f8e0        0x0 kernel/proc.o
 .data          0x000000000000f8e0        0x0 kernel/systask.o
 .data          0x000000000000f8e0        0x0 kernel/hd.o
 .data          0x000000000000f8e0        0x0 lib/printf.o
 .data          0x000000000000f8e0        0x0 lib/vsprintf.o
 .data          0x000000000000f8e0        0x0 lib/klib.o
 .data          0x000000000000f8e0        0x0 lib/misc.o
 .data          0x000000000000f8e0        0x0 lib/open.o
 .data          0x000000000000f8e0        0x0 lib/read.o
 .data          0x000000000000f8e0        0x0 lib/write.o
 .data          0x000000000000f8e0        0x0 lib/close.o
 .data          0x000000000000f8e0        0x0 lib/unlink.o
 .data          0x000000000000f8e0        0x0 lib/getpid.o
 .data          0x000000000000f8e0        0x0 lib/syslog.o
 .data          0x000000000000f8e0        0x0 fs/main.o
 .data          0x000000000000f8e0        0x0 fs/open.o
 .data          0x000000000000f8e0        0x0 fs/misc.o
 .data          0x000000000000f8e0        0x0 fs/read_write.o
 .data          0x000000000000f8e0        0x0 fs/link.o
 .data          0x000000000000f8e0        0x0 fs/disklog.o

.data1
 *(.data1)
                0x000000000000f8e0                _edata = .
                0x000000000000f8e0                PROVIDE (edata, .)
                0x000000000000f8e0                . = .
                0x000000000000f8e0                __bss_start = .

.bss            0x000000000000f8e0    0x3c650
 *(.dynbss)
 *(.bss .bss.* .gnu.linkonce.b.*)
 .bss           0x000000000000f8e0      0x800 kernel/kernel.o
 .bss           0x00000000000100e0        0x0 kernel/start.o
 .bss           0x00000000000100e0        0x0 kernel/main.o
 .bss           0x00000000000100e0        0x0 kernel/clock.o
 .bss           0x00000000000100e0       0x58 kernel/keyboard.o
 .bss           0x0000000000010138        0x0 kernel/tty.o
 .bss           0x0000000000010138        0x0 kernel/console.o
 .bss           0x0000000000010138        0x0 kernel/i8259.o
 .bss           0x0000000000010138        0x0 kernel/global.o
 .bss           0x0000000000010138        0x0 kernel/protect.o
 .bss           0x0000000000010138        0x0 kernel/proc.o
 .bss           0x0000000000010138        0x0 kernel/systask.o
 *fill*         0x0000000000010138        0x8 
 .bss           0x0000000000010140      0x64c kernel/hd.o
 .bss           0x000000000001078c        0x0 lib/printf.o
 .bss           0x000000000001078c        0x0 lib/vsprintf.o
 .bss           0x000000000001078c        0x0 lib/klib.o
 .bss           0x000000000001078c        0x0 lib/misc.o
 .bss           0x000000000001078c        0x0 lib/open.o
 .bss           0x000000000001078c        0x0 lib/read.o
 .bss           0x000000000001078c        0x0 lib/write.o
 .bss           0x000000000001078c        0x0 lib/close.o
 .bss           0x000000000001078c        0x0 lib/unlink.o
 .bss           0x000000000001078c        0x0 lib/getpid.o
 .bss           0x000000000001078c        0x0 lib/syslog.o
 .bss           0x000000000001078c        0x0 fs/main.o
 .bss           0x000000000001078c        0x0 fs/open.o
 .bss           0x000000000001078c        0x0 fs/misc.o
 .bss           0x000000000001078c        0x0 fs/read_write.o
 .bss           0x000000000001078c        0x0 fs/link.o
 *fill*         0x000000000001078c       0x14 
 .bss           0x00000000000107a0      0x208 fs/disklog.o
 *(COMMON)
 *fill*         0x00000000000109a8       0x18 
 COMMON         0x00000000000109c0    0x3b55e kernel/global.o
                0x00000000000109c0                idt_ptr
                0x00000000000109e0                inode_table
                0x00000000000114e0                task_stack
                0x00000000000494e0                k_reenter
                0x0000000000049500                gdt
                0x0000000000049900                current_console
                0x0000000000049904                pcaller
                0x0000000000049920                tty_table
                0x000000000004a5a0                tss
                0x000000000004a620                fs_msg
                0x000000000004a660                f_desc_table
                0x000000000004a960                root_inode
                0x000000000004a964                disp_pos
                0x000000000004a968                key_pressed
                0x000000000004a96c                gdt_ptr
                0x000000000004a980                idt
                0x000000000004b180                super_block
                0x000000000004b360                ticks
                0x000000000004b380                console_table
                0x000000000004b3c0                irq_table
                0x000000000004b400                p_proc_ready
                0x000000000004b420                proc_table
 COMMON         0x000000000004bf1e       0x10 kernel/hd.o
                0x000000000004bf1e                PARTITION_ENTRY
                0x000000000004bf30                . = ALIGN ((. != 0x0)?0x4:0x1)
 *fill*         0x000000000004bf2e        0x2 
                0x000000000004bf30                . = ALIGN (0x4)
                0x000000000004bf30                . = SEGMENT_START ("ldata-segment", .)
                0x000000000004bf30                . = ALIGN (0x4)
                0x000000000004bf30                _end = .
                0x000000000004bf30                PROVIDE (end, .)
                0x000000000004bf30                . = DATA_SEGMENT_END (.)

.stab
 *(.stab)

.stabstr
 *(.stabstr)

.stab.excl
 *(.stab.excl)

.stab.exclstr
 *(.stab.exclstr)

.stab.index
 *(.stab.index)

.stab.indexstr
 *(.stab.indexstr)

.comment        0x0000000000000000       0x29
 *(.comment)
 .comment       0x0000000000000000       0x29 kernel/start.o
                                         0x2a (size before relaxing)
 .comment       0x0000000000000000       0x2a kernel/main.o
 .comment       0x0000000000000000       0x2a kernel/clock.o
 .comment       0x0000000000000000       0x2a kernel/keyboard.o
 .comment       0x0000000000000000       0x2a kernel/tty.o
 .comment       0x0000000000000000       0x2a kernel/console.o
 .comment       0x0000000000000000       0x2a kernel/i8259.o
 .comment       0x0000000000000000       0x2a kernel/global.o
 .comment       0x0000000000000000       0x2a kernel/protect.o
 .comment       0x0000000000000000       0x2a kernel/proc.o
 .comment       0x0000000000000000       0x2a kernel/systask.o
 .comment       0x0000000000000000       0x2a kernel/hd.o
 .comment       0x0000000000000000       0x2a lib/printf.o
 .comment       0x0000000000000000       0x2a lib/vsprintf.o
 .comment       0x0000000000000000       0x2a lib/klib.o
 .comment       0x0000000000000000       0x2a lib/misc.o
 .comment       0x0000000000000000       0x2a lib/open.o
 .comment       0x0000000000000000       0x2a lib/read.o
 .comment       0x0000000000000000       0x2a lib/write.o
 .comment       0x0000000000000000       0x2a lib/close.o
 .comment       0x0000000000000000       0x2a lib/unlink.o
 .comment       0x0000000000000000       0x2a lib/getpid.o
 .comment       0x0000000000000000       0x2a lib/syslog.o
 .comment       0x0000000000000000       0x2a fs/main.o
 .comment       0x0000000000000000       0x2a fs/open.o
 .comment       0x0000000000000000       0x2a fs/misc.o
 .comment       0x0000000000000000       0x2a fs/read_write.o
 .comment       0x0000000000000000       0x2a fs/link.o
 .comment       0x0000000000000000       0x2a fs/disklog.o

.debug
 *(.debug)

.line
 *(.line)

.debug_srcinfo
 *(.debug_srcinfo)

.debug_sfnames
 *(.debug_sfnames)

.debug_aranges
 *(.debug_aranges)

.debug_pubnames
 *(.debug_pubnames)

.debug_info
 *(.debug_info .gnu.linkonce.wi.*)

.debug_abbrev
 *(.debug_abbrev)

.debug_line
 *(.debug_line .debug_line.* .debug_line_end)

.debug_frame
 *(.debug_frame)

.debug_str
 *(.debug_str)

.debug_loc
 *(.debug_loc)

.debug_macinfo
 *(.debug_macinfo)

.debug_weaknames
 *(.debug_weaknames)

.debug_funcnames
 *(.debug_funcnames)

.debug_typenames
 *(.debug_typenames)

.debug_varnames
 *(.debug_varnames)

.debug_pubtypes
 *(.debug_pubtypes)

.debug_ranges
 *(.debug_ranges)

.debug_macro
 *(.debug_macro)

.gnu.attributes
 *(.gnu.attributes)

/DISCARD/
 *(.note.GNU-stack)
 *(.gnu_debuglink)
 *(.gnu.lto_*)
OUTPUT(kernel.bin elf32-i386)
